▿ MapView
  ▿ _region: State<MKCoordinateRegion>
    - _location: Optional<AnyLocation<MKCoordinateRegion>>.none
    ▿ _value: MKCoordinateRegion
      ▿ center: CLLocationCoordinate2D
        - latitude: 0.0
        - longitude: 0.0
      ▿ span: MKCoordinateSpan
        - latitudeDelta: 0.0
        - longitudeDelta: 0.0
  ▿ coordinate: CLLocationCoordinate2D
    - latitude: 34.011286
    - longitude: -116.166868
