ModifiedContent<LandmarkDetail, _EnvironmentKeyWritingModifier<Optional<AppModel>>>(content: SwiftUIExample.LandmarkDetail(_appModel: SwiftUI.EnvironmentObject<SwiftUIExample.AppModel>(_store: nil, _seed: 0), inspection: SwiftUIExample.Inspection<SwiftUIExample.LandmarkDetail>, landmark: SwiftUIExample.Landmark(id: 1002, name: "Silver Salmon Creek", park: "Lake Clark National Park and Preserve", state: "Alaska", description: "Suscipit inceptos est felis purus aenean aliquet adipiscing diam venenatis, augue nibh duis neque aliquam tellus condimentum sagittis vivamus, cras ante etiam sit conubia elit tempus accumsan libero, mattis per erat habitasse cubilia ligula penatibus curae. Sagittis lorem augue arcu blandit libero molestie non ullamcorper, finibus imperdiet iaculis ad quam per luctus neque, ligula curae mauris parturient diam auctor eleifend laoreet ridiculus, hendrerit adipiscing sociosqu pretium nec velit aliquam. Inceptos egestas maecenas imperdiet eget id donec nisl curae congue, massa tortor vivamus ridiculus integer porta ultrices venenatis aliquet, curabitur et posuere blandit magnis dictum auctor lacinia, eleifend dolor in ornare vulputate ipsum morbi felis. Faucibus cursus malesuada orci ultrices diam nisl taciti torquent, tempor eros suspendisse euismod condimentum dis velit mi tristique, a quis etiam dignissim dictum porttitor lobortis ad fermentum, sapien consectetur dui dolor purus elit pharetra. Interdum mattis sapien ac orci vestibulum vulputate laoreet proin hac, maecenas mollis ridiculus morbi praesent cubilia vitae ligula vel, sem semper volutpat curae mauris justo nisl luctus, non eros primis ultrices nascetur erat varius integer.", isFavorite: false, isFeatured: false, category: SwiftUIExample.Landmark.Category.lakes, imageName: "silversalmoncreek", coordinates: SwiftUIExample.Landmark.Coordinates(latitude: 59.980167, longitude: -152.665167))), modifier: SwiftUI._EnvironmentKeyWritingModifier<Swift.Optional<SwiftUIExample.AppModel>>(keyPath: Swift.WritableKeyPath<SwiftUI.EnvironmentValues, Swift.Optional<SwiftUIExample.AppModel>>, value: Optional(SwiftUIExample.AppModel)))