HikeView(inspection: SwiftUIExample.Inspection<SwiftUIExample.HikeView>, hike: SwiftUIExample.Hike(id: 1001, name: "Lonesome Ridge Trail", distance: 4.5, difficulty: 3, observations: [SwiftUIExample.Hike.Observation(distanceFromStart: 0.0, elevation: Range(291.6526363563627..<309.26016677925196), pace: Range(396.0871648190873..<403.6893787352523), heartRate: Range(117.16351898665887..<121.95815455919609)), SwiftUIExample.Hike.Observation(distanceFromStart: 0.375, elevation: Range(299.24001936628116..<317.4458435079001), pace: Range(380.19020240756623..<395.3978319010256), heartRate: Range(117.6410892152911..<124.82185220506081)), SwiftUIExample.Hike.Observation(distanceFromStart: 0.75, elevation: Range(303.62145464574394..<336.05569457646544), pace: Range(380.55927782266116..<397.60789726832775), heartRate: Range(121.5269645204906..<127.31525441110122)), SwiftUIExample.Hike.Observation(distanceFromStart: 1.125, elevation: Range(319.9039336516263..<346.2696602551879), pace: Range(357.9411642125853..<398.0750288648062), heartRate: Range(123.75908585923588..<132.770694044868)), SwiftUIExample.Hike.Observation(distanceFromStart: 1.5, elevation: Range(354.17104439267905..<403.5703121697294), pace: Range(335.073851493927..<397.8267438187581), heartRate: Range(130.8235194572915..<140.55700591418218)), SwiftUIExample.Hike.Observation(distanceFromStart: 1.875, elevation: Range(357.42992871175124..<385.92155620623635), pace: Range(395.16168913839374..<404.6029406652756), heartRate: Range(131.5456052446734..<134.65984504627627)), SwiftUIExample.Hike.Observation(distanceFromStart: 2.25, elevation: Range(345.4773672193566..<363.1877666137942), pace: Range(340.8230304133908..<404.71689228682374), heartRate: Range(125.1949698433959..<131.31354363122026)), SwiftUIExample.Hike.Observation(distanceFromStart: 2.625, elevation: Range(346.23343025200535..<497.233764454624), pace: Range(261.2762914881602..<331.68516208719467), heartRate: Range(131.67810544238606..<154.26779645311458)), SwiftUIExample.Hike.Observation(distanceFromStart: 3.0, elevation: Range(491.5737848313439..<547.4953522425105), pace: Range(296.0529864411209..<401.140929677324), heartRate: Range(151.36398089694217..<166.20454793289232)), SwiftUIExample.Hike.Observation(distanceFromStart: 3.375, elevation: Range(472.0680323341634..<531.925705202284), pace: Range(395.5083066351401..<401.6783791754359), heartRate: Range(134.41798110234078..<151.9088669756424)), SwiftUIExample.Hike.Observation(distanceFromStart: 3.75, elevation: Range(339.8141947600528..<461.0383252782483), pace: Range(395.3116048797518..<404.49550455974907), heartRate: Range(129.97753472415462..<138.13531094848992)), SwiftUIExample.Hike.Observation(distanceFromStart: 4.125, elevation: Range(303.1495508565697..<342.3532820173541), pace: Range(395.02844559698116..<402.65878340653796), heartRate: Range(127.72304232462609..<133.26322270764186))]), _showDetail: SwiftUI.State<Swift.Bool>(_value: false, _location: Optional(SwiftUI.StoredLocation<Swift.Bool>)))